Python 3.8.1 (tags/v3.8.1:1b293b6, Dec 18 2019, 22:39:24) [MSC v.1916 32 bit (Intel)] on win32
Type "help", "copyright", "credits" or "license()" for more information.
>>> print('deepesh')
deepesh
>>> print("deepesh" "yadav")
deepeshyadav
>>> print("deepesh\'s 'laptop'")
deepesh's 'laptop'
>>> print("deepesh\'s " 'laptop')
deepesh's laptop
>>> 10*yadav
Traceback (most recent call last):
  File "<pyshell#4>", line 1, in <module>
    10*yadav
NameError: name 'yadav' is not defined
>>> 10*'yadav'
'yadavyadavyadavyadavyadavyadavyadavyadavyadavyadav'
>>> print(10*'yadav')
yadavyadavyadavyadavyadavyadavyadavyadavyadavyadav
>>>  print('D:\database structure)
       
SyntaxError: unexpected indent
>>> print('D:\database structure')
D:\database structure
>>> 
